#IMPORT MODULE#
>>> say_my_name = __import__('3-say_my_name').say_my_name

#Type Test#

test #0: first name int

>>> say_my_name(12, "Gonzalez")
Traceback (most recent call last):
TypeError: first_name must be a string

test #1: last name int

>>> say_my_name("Aaron", 12)
Traceback (most recent call last):
TypeError: last_name must be a string

test #3: None Elements

>>> say_my_name()
Traceback (most recent call last):
TypeError: say_my_name() missing 1 required positional argument: 'first_name'

#Other Tests#

test #4: none last name (prints first_name and 1 space)

>>> say_my_name("Aaron")
My name is Aaron 

test #5: all arguments correct

>>> say_my_name("Aaron","Gonzalez")
My name is Aaron Gonzalez
